[16:45:31] [Datafixer Bootstrap/INFO]: 188 Datafixer optimizations took 98 milliseconds
[16:45:32] [Render thread/INFO]: Environment: authHost='https://authserver.mojang.com', accountsHost='https://api.mojang.com', sessionHost='https://sessionserver.mojang.com', servicesHost='https://api.minecraftservices.com', name='PROD'
[16:45:33] [Render thread/ERROR]: Failed to verify authentication
com.mojang.authlib.exceptions.InvalidCredentialsException: Status: 401
	at com.mojang.authlib.exceptions.MinecraftClientHttpException.toAuthenticationException(MinecraftClientHttpException.java:56) ~[authlib-4.0.43.jar:?]
	at com.mojang.authlib.yggdrasil.YggdrasilUserApiService.fetchProperties(YggdrasilUserApiService.java:156) ~[authlib-4.0.43.jar:?]
	at com.mojang.authlib.yggdrasil.YggdrasilUserApiService.<init>(YggdrasilUserApiService.java:55) ~[authlib-4.0.43.jar:?]
	at com.mojang.authlib.yggdrasil.YggdrasilAuthenticationService.createUserApiService(YggdrasilAuthenticationService.java:124) ~[authlib-4.0.43.jar:?]
	at enn.a(SourceFile:733) ~[1.20.jar:?]
	at enn.<init>(SourceFile:442) ~[1.20.jar:?]
	at net.minecraft.client.main.Main.main(SourceFile:211) ~[1.20.jar:?]
Caused by: com.mojang.authlib.exceptions.MinecraftClientHttpException: Status: 401
	at com.mojang.authlib.minecraft.client.MinecraftClient.readInputStream(MinecraftClient.java:85) ~[authlib-4.0.43.jar:?]
	at com.mojang.authlib.minecraft.client.MinecraftClient.get(MinecraftClient.java:48) ~[authlib-4.0.43.jar:?]
	at com.mojang.authlib.yggdrasil.YggdrasilUserApiService.fetchProperties(YggdrasilUserApiService.java:129) ~[authlib-4.0.43.jar:?]
	... 5 more
[16:45:33] [Render thread/INFO]: Setting user: PanaPlayer
[16:45:33] [Render thread/INFO]: Backend library: LWJGL version 3.3.1 build 7
[16:45:33] [Worker-Main-3/ERROR]: Failed to retrieve profile key pair
java.io.IOException: Could not retrieve profile key pair
	at fes.a(SourceFile:139) ~[1.20.jar:?]
	at fes.b(SourceFile:79) ~[1.20.jar:?]
	at java.util.concurrent.CompletableFuture$AsyncSupply.run(CompletableFuture.java:1768) ~[?:?]
	at java.util.concurrent.CompletableFuture$AsyncSupply.exec(CompletableFuture.java:1760) ~[?:?]
	at java.util.concurrent.ForkJoinTask.doExec(ForkJoinTask.java:373) ~[?:?]
	at java.util.concurrent.ForkJoinPool$WorkQueue.topLevelExec(ForkJoinPool.java:1182) ~[?:?]
	at java.util.concurrent.ForkJoinPool.scan(ForkJoinPool.java:1655) ~[?:?]
	at java.util.concurrent.ForkJoinPool.runWorker(ForkJoinPool.java:1622) ~[?:?]
	at java.util.concurrent.ForkJoinWorkerThread.run(ForkJoinWorkerThread.java:165) ~[?:?]
[16:45:33] [Render thread/ERROR]: Error while loading the narrator
com.mojang.text2speech.Narrator$InitializeException: Failed to load library flite
	at com.mojang.text2speech.NarratorLinux$FliteLibrary.loadNative(NarratorLinux.java:69) ~[text2speech-1.17.9.jar:?]
	at com.mojang.text2speech.NarratorLinux.<init>(NarratorLinux.java:18) ~[text2speech-1.17.9.jar:?]
	at com.mojang.text2speech.Narrator.getNarrator(Narrator.java:41) ~[text2speech-1.17.9.jar:?]
	at enf.<init>(SourceFile:19) ~[1.20.jar:?]
	at enn.<init>(SourceFile:640) ~[1.20.jar:?]
	at net.minecraft.client.main.Main.main(SourceFile:211) ~[1.20.jar:?]
Caused by: java.lang.UnsatisfiedLinkError: Unable to load library 'flite':
libflite.so: no se puede abrir el fichero del objeto compartido: No existe el fichero o el directorio
libflite.so: no se puede abrir el fichero del objeto compartido: No existe el fichero o el directorio
Native library (linux-x86-64/libflite.so) not found in resource path (/home/ikero/.minecraft/libraries/com/github/oshi/oshi-core/6.2.2/oshi-core-6.2.2.jar:/home/ikero/.minecraft/libraries/com/google/code/gson/gson/2.10/gson-2.10.jar:/home/ikero/.minecraft/libraries/com/google/guava/failureaccess/1.0.1/failureaccess-1.0.1.jar:/home/ikero/.minecraft/libraries/com/google/guava/guava/31.1-jre/guava-31.1-jre.jar:/home/ikero/.minecraft/libraries/com/ibm/icu/icu4j/71.1/icu4j-71.1.jar:/home/ikero/.minecraft/libraries/com/mojang/authlib/4.0.43/authlib-4.0.43.jar:/home/ikero/.minecraft/libraries/com/mojang/blocklist/1.0.10/blocklist-1.0.10.jar:/home/ikero/.minecraft/libraries/com/mojang/brigadier/1.1.8/brigadier-1.1.8.jar:/home/ikero/.minecraft/libraries/com/mojang/datafixerupper/6.0.8/datafixerupper-6.0.8.jar:/home/ikero/.minecraft/libraries/com/mojang/logging/1.1.1/logging-1.1.1.jar:/home/ikero/.minecraft/libraries/com/mojang/patchy/2.2.10/patchy-2.2.10.jar:/home/ikero/.minecraft/libraries/com/mojang/text2speech/1.17.9/text2speech-1.17.9.jar:/home/ikero/.minecraft/libraries/commons-codec/commons-codec/1.15/commons-codec-1.15.jar:/home/ikero/.minecraft/libraries/commons-io/commons-io/2.11.0/commons-io-2.11.0.jar:/home/ikero/.minecraft/libraries/commons-logging/commons-logging/1.2/commons-logging-1.2.jar:/home/ikero/.minecraft/libraries/io/netty/netty-buffer/4.1.82.Final/netty-buffer-4.1.82.Final.jar:/home/ikero/.minecraft/libraries/io/netty/netty-codec/4.1.82.Final/netty-codec-4.1.82.Final.jar:/home/ikero/.minecraft/libraries/io/netty/netty-common/4.1.82.Final/netty-common-4.1.82.Final.jar:/home/ikero/.minecraft/libraries/io/netty/netty-handler/4.1.82.Final/netty-handler-4.1.82.Final.jar:/home/ikero/.minecraft/libraries/io/netty/netty-resolver/4.1.82.Final/netty-resolver-4.1.82.Final.jar:/home/ikero/.minecraft/libraries/io/netty/netty-transport-classes-epoll/4.1.82.Final/netty-transport-classes-epoll-4.1.82.Final.jar:/home/ikero/.minecraft/libraries/io/netty/netty-transport-native-epoll/4.1.82.Final/netty-transport-native-epoll-4.1.82.Final-linux-aarch_64.jar:/home/ikero/.minecraft/libraries/io/netty/netty-transport-native-epoll/4.1.82.Final/netty-transport-native-epoll-4.1.82.Final-linux-x86_64.jar:/home/ikero/.minecraft/libraries/io/netty/netty-transport-native-unix-common/4.1.82.Final/netty-transport-native-unix-common-4.1.82.Final.jar:/home/ikero/.minecraft/libraries/io/netty/netty-transport/4.1.82.Final/netty-transport-4.1.82.Final.jar:/home/ikero/.minecraft/libraries/it/unimi/dsi/fastutil/8.5.9/fastutil-8.5.9.jar:/home/ikero/.minecraft/libraries/net/java/dev/jna/jna-platform/5.12.1/jna-platform-5.12.1.jar:/home/ikero/.minecraft/libraries/net/java/dev/jna/jna/5.12.1/jna-5.12.1.jar:/home/ikero/.minecraft/libraries/net/sf/jopt-simple/jopt-simple/5.0.4/jopt-simple-5.0.4.jar:/home/ikero/.minecraft/libraries/org/apache/commons/commons-compress/1.21/commons-compress-1.21.jar:/home/ikero/.minecraft/libraries/org/apache/commons/commons-lang3/3.12.0/commons-lang3-3.12.0.jar:/home/ikero/.minecraft/libraries/org/apache/httpcomponents/httpclient/4.5.13/httpclient-4.5.13.jar:/home/ikero/.minecraft/libraries/org/apache/httpcomponents/httpcore/4.4.15/httpcore-4.4.15.jar:/home/ikero/.minecraft/libraries/org/apache/logging/log4j/log4j-api/2.19.0/log4j-api-2.19.0.jar:/home/ikero/.minecraft/libraries/org/apache/logging/log4j/log4j-core/2.19.0/log4j-core-2.19.0.jar:/home/ikero/.minecraft/libraries/org/apache/logging/log4j/log4j-slf4j2-impl/2.19.0/log4j-slf4j2-impl-2.19.0.jar:/home/ikero/.minecraft/libraries/org/joml/joml/1.10.5/joml-1.10.5.jar:/home/ikero/.minecraft/libraries/org/lwjgl/lwjgl-glfw/3.3.1/lwjgl-glfw-3.3.1.jar:/home/ikero/.minecraft/libraries/org/lwjgl/lwjgl-glfw/3.3.1/lwjgl-glfw-3.3.1-natives-linux.jar:/home/ikero/.minecraft/libraries/org/lwjgl/lwjgl-jemalloc/3.3.1/lwjgl-jemalloc-3.3.1.jar:/home/ikero/.minecraft/libraries/org/lwjgl/lwjgl-jemalloc/3.3.1/lwjgl-jemalloc-3.3.1-natives-linux.jar:/home/ikero/.minecraft/libraries/org/lwjgl/lwjgl-openal/3.3.1/lwjgl-openal-3.3.1.jar:/home/ikero/.minecraft/libraries/org/lwjgl/lwjgl-openal/3.3.1/lwjgl-openal-3.3.1-natives-linux.jar:/home/ikero/.minecraft/libraries/org/lwjgl/lwjgl-opengl/3.3.1/lwjgl-opengl-3.3.1.jar:/home/ikero/.minecraft/libraries/org/lwjgl/lwjgl-opengl/3.3.1/lwjgl-opengl-3.3.1-natives-linux.jar:/home/ikero/.minecraft/libraries/org/lwjgl/lwjgl-stb/3.3.1/lwjgl-stb-3.3.1.jar:/home/ikero/.minecraft/libraries/org/lwjgl/lwjgl-stb/3.3.1/lwjgl-stb-3.3.1-natives-linux.jar:/home/ikero/.minecraft/libraries/org/lwjgl/lwjgl-tinyfd/3.3.1/lwjgl-tinyfd-3.3.1.jar:/home/ikero/.minecraft/libraries/org/lwjgl/lwjgl-tinyfd/3.3.1/lwjgl-tinyfd-3.3.1-natives-linux.jar:/home/ikero/.minecraft/libraries/org/lwjgl/lwjgl/3.3.1/lwjgl-3.3.1.jar:/home/ikero/.minecraft/libraries/org/lwjgl/lwjgl/3.3.1/lwjgl-3.3.1-natives-linux.jar:/home/ikero/.minecraft/libraries/org/slf4j/slf4j-api/2.0.1/slf4j-api-2.0.1.jar:/home/ikero/.minecraft/versions/1.20/1.20.jar)
	at com.sun.jna.NativeLibrary.loadLibrary(NativeLibrary.java:307) ~[jna-5.12.1.jar:5.12.1 (b0)]
	at com.sun.jna.NativeLibrary.getInstance(NativeLibrary.java:467) ~[jna-5.12.1.jar:5.12.1 (b0)]
	at com.sun.jna.NativeLibrary.getInstance(NativeLibrary.java:409) ~[jna-5.12.1.jar:5.12.1 (b0)]
	at com.mojang.text2speech.NarratorLinux$FliteLibrary.loadNative(NarratorLinux.java:67) ~[text2speech-1.17.9.jar:?]
	... 5 more
	Suppressed: java.lang.UnsatisfiedLinkError: libflite.so: no se puede abrir el fichero del objeto compartido: No existe el fichero o el directorio
		at com.sun.jna.Native.open(Native Method) ~[jna-5.12.1.jar:5.12.1 (b0)]
		at com.sun.jna.NativeLibrary.loadLibrary(NativeLibrary.java:197) ~[jna-5.12.1.jar:5.12.1 (b0)]
		at com.sun.jna.NativeLibrary.getInstance(NativeLibrary.java:467) ~[jna-5.12.1.jar:5.12.1 (b0)]
		at com.sun.jna.NativeLibrary.getInstance(NativeLibrary.java:409) ~[jna-5.12.1.jar:5.12.1 (b0)]
		at com.mojang.text2speech.NarratorLinux$FliteLibrary.loadNative(NarratorLinux.java:67) ~[text2speech-1.17.9.jar:?]
		at com.mojang.text2speech.NarratorLinux.<init>(NarratorLinux.java:18) ~[text2speech-1.17.9.jar:?]
		at com.mojang.text2speech.Narrator.getNarrator(Narrator.java:41) ~[text2speech-1.17.9.jar:?]
		at enf.<init>(SourceFile:19) ~[1.20.jar:?]
		at enn.<init>(SourceFile:640) ~[1.20.jar:?]
		at net.minecraft.client.main.Main.main(SourceFile:211) ~[1.20.jar:?]
	Suppressed: java.lang.UnsatisfiedLinkError: libflite.so: no se puede abrir el fichero del objeto compartido: No existe el fichero o el directorio
		at com.sun.jna.Native.open(Native Method) ~[jna-5.12.1.jar:5.12.1 (b0)]
		at com.sun.jna.NativeLibrary.loadLibrary(NativeLibrary.java:210) ~[jna-5.12.1.jar:5.12.1 (b0)]
		at com.sun.jna.NativeLibrary.getInstance(NativeLibrary.java:467) ~[jna-5.12.1.jar:5.12.1 (b0)]
		at com.sun.jna.NativeLibrary.getInstance(NativeLibrary.java:409) ~[jna-5.12.1.jar:5.12.1 (b0)]
		at com.mojang.text2speech.NarratorLinux$FliteLibrary.loadNative(NarratorLinux.java:67) ~[text2speech-1.17.9.jar:?]
		at com.mojang.text2speech.NarratorLinux.<init>(NarratorLinux.java:18) ~[text2speech-1.17.9.jar:?]
		at com.mojang.text2speech.Narrator.getNarrator(Narrator.java:41) ~[text2speech-1.17.9.jar:?]
		at enf.<init>(SourceFile:19) ~[1.20.jar:?]
		at enn.<init>(SourceFile:640) ~[1.20.jar:?]
		at net.minecraft.client.main.Main.main(SourceFile:211) ~[1.20.jar:?]
	Suppressed: java.io.IOException: Native library (linux-x86-64/libflite.so) not found in resource path (/home/ikero/.minecraft/libraries/com/github/oshi/oshi-core/6.2.2/oshi-core-6.2.2.jar:/home/ikero/.minecraft/libraries/com/google/code/gson/gson/2.10/gson-2.10.jar:/home/ikero/.minecraft/libraries/com/google/guava/failureaccess/1.0.1/failureaccess-1.0.1.jar:/home/ikero/.minecraft/libraries/com/google/guava/guava/31.1-jre/guava-31.1-jre.jar:/home/ikero/.minecraft/libraries/com/ibm/icu/icu4j/71.1/icu4j-71.1.jar:/home/ikero/.minecraft/libraries/com/mojang/authlib/4.0.43/authlib-4.0.43.jar:/home/ikero/.minecraft/libraries/com/mojang/blocklist/1.0.10/blocklist-1.0.10.jar:/home/ikero/.minecraft/libraries/com/mojang/brigadier/1.1.8/brigadier-1.1.8.jar:/home/ikero/.minecraft/libraries/com/mojang/datafixerupper/6.0.8/datafixerupper-6.0.8.jar:/home/ikero/.minecraft/libraries/com/mojang/logging/1.1.1/logging-1.1.1.jar:/home/ikero/.minecraft/libraries/com/mojang/patchy/2.2.10/patchy-2.2.10.jar:/home/ikero/.minecraft/libraries/com/mojang/text2speech/1.17.9/text2speech-1.17.9.jar:/home/ikero/.minecraft/libraries/commons-codec/commons-codec/1.15/commons-codec-1.15.jar:/home/ikero/.minecraft/libraries/commons-io/commons-io/2.11.0/commons-io-2.11.0.jar:/home/ikero/.minecraft/libraries/commons-logging/commons-logging/1.2/commons-logging-1.2.jar:/home/ikero/.minecraft/libraries/io/netty/netty-buffer/4.1.82.Final/netty-buffer-4.1.82.Final.jar:/home/ikero/.minecraft/libraries/io/netty/netty-codec/4.1.82.Final/netty-codec-4.1.82.Final.jar:/home/ikero/.minecraft/libraries/io/netty/netty-common/4.1.82.Final/netty-common-4.1.82.Final.jar:/home/ikero/.minecraft/libraries/io/netty/netty-handler/4.1.82.Final/netty-handler-4.1.82.Final.jar:/home/ikero/.minecraft/libraries/io/netty/netty-resolver/4.1.82.Final/netty-resolver-4.1.82.Final.jar:/home/ikero/.minecraft/libraries/io/netty/netty-transport-classes-epoll/4.1.82.Final/netty-transport-classes-epoll-4.1.82.Final.jar:/home/ikero/.minecraft/libraries/io/netty/netty-transport-native-epoll/4.1.82.Final/netty-transport-native-epoll-4.1.82.Final-linux-aarch_64.jar:/home/ikero/.minecraft/libraries/io/netty/netty-transport-native-epoll/4.1.82.Final/netty-transport-native-epoll-4.1.82.Final-linux-x86_64.jar:/home/ikero/.minecraft/libraries/io/netty/netty-transport-native-unix-common/4.1.82.Final/netty-transport-native-unix-common-4.1.82.Final.jar:/home/ikero/.minecraft/libraries/io/netty/netty-transport/4.1.82.Final/netty-transport-4.1.82.Final.jar:/home/ikero/.minecraft/libraries/it/unimi/dsi/fastutil/8.5.9/fastutil-8.5.9.jar:/home/ikero/.minecraft/libraries/net/java/dev/jna/jna-platform/5.12.1/jna-platform-5.12.1.jar:/home/ikero/.minecraft/libraries/net/java/dev/jna/jna/5.12.1/jna-5.12.1.jar:/home/ikero/.minecraft/libraries/net/sf/jopt-simple/jopt-simple/5.0.4/jopt-simple-5.0.4.jar:/home/ikero/.minecraft/libraries/org/apache/commons/commons-compress/1.21/commons-compress-1.21.jar:/home/ikero/.minecraft/libraries/org/apache/commons/commons-lang3/3.12.0/commons-lang3-3.12.0.jar:/home/ikero/.minecraft/libraries/org/apache/httpcomponents/httpclient/4.5.13/httpclient-4.5.13.jar:/home/ikero/.minecraft/libraries/org/apache/httpcomponents/httpcore/4.4.15/httpcore-4.4.15.jar:/home/ikero/.minecraft/libraries/org/apache/logging/log4j/log4j-api/2.19.0/log4j-api-2.19.0.jar:/home/ikero/.minecraft/libraries/org/apache/logging/log4j/log4j-core/2.19.0/log4j-core-2.19.0.jar:/home/ikero/.minecraft/libraries/org/apache/logging/log4j/log4j-slf4j2-impl/2.19.0/log4j-slf4j2-impl-2.19.0.jar:/home/ikero/.minecraft/libraries/org/joml/joml/1.10.5/joml-1.10.5.jar:/home/ikero/.minecraft/libraries/org/lwjgl/lwjgl-glfw/3.3.1/lwjgl-glfw-3.3.1.jar:/home/ikero/.minecraft/libraries/org/lwjgl/lwjgl-glfw/3.3.1/lwjgl-glfw-3.3.1-natives-linux.jar:/home/ikero/.minecraft/libraries/org/lwjgl/lwjgl-jemalloc/3.3.1/lwjgl-jemalloc-3.3.1.jar:/home/ikero/.minecraft/libraries/org/lwjgl/lwjgl-jemalloc/3.3.1/lwjgl-jemalloc-3.3.1-natives-linux.jar:/home/ikero/.minecraft/libraries/org/lwjgl/lwjgl-openal/3.3.1/lwjgl-openal-3.3.1.jar:/home/ikero/.minecraft/libraries/org/lwjgl/lwjgl-openal/3.3.1/lwjgl-openal-3.3.1-natives-linux.jar:/home/ikero/.minecraft/libraries/org/lwjgl/lwjgl-opengl/3.3.1/lwjgl-opengl-3.3.1.jar:/home/ikero/.minecraft/libraries/org/lwjgl/lwjgl-opengl/3.3.1/lwjgl-opengl-3.3.1-natives-linux.jar:/home/ikero/.minecraft/libraries/org/lwjgl/lwjgl-stb/3.3.1/lwjgl-stb-3.3.1.jar:/home/ikero/.minecraft/libraries/org/lwjgl/lwjgl-stb/3.3.1/lwjgl-stb-3.3.1-natives-linux.jar:/home/ikero/.minecraft/libraries/org/lwjgl/lwjgl-tinyfd/3.3.1/lwjgl-tinyfd-3.3.1.jar:/home/ikero/.minecraft/libraries/org/lwjgl/lwjgl-tinyfd/3.3.1/lwjgl-tinyfd-3.3.1-natives-linux.jar:/home/ikero/.minecraft/libraries/org/lwjgl/lwjgl/3.3.1/lwjgl-3.3.1.jar:/home/ikero/.minecraft/libraries/org/lwjgl/lwjgl/3.3.1/lwjgl-3.3.1-natives-linux.jar:/home/ikero/.minecraft/libraries/org/slf4j/slf4j-api/2.0.1/slf4j-api-2.0.1.jar:/home/ikero/.minecraft/versions/1.20/1.20.jar)
		at com.sun.jna.Native.extractFromResourcePath(Native.java:1145) ~[jna-5.12.1.jar:5.12.1 (b0)]
		at com.sun.jna.NativeLibrary.loadLibrary(NativeLibrary.java:281) ~[jna-5.12.1.jar:5.12.1 (b0)]
		at com.sun.jna.NativeLibrary.getInstance(NativeLibrary.java:467) ~[jna-5.12.1.jar:5.12.1 (b0)]
		at com.sun.jna.NativeLibrary.getInstance(NativeLibrary.java:409) ~[jna-5.12.1.jar:5.12.1 (b0)]
		at com.mojang.text2speech.NarratorLinux$FliteLibrary.loadNative(NarratorLinux.java:67) ~[text2speech-1.17.9.jar:?]
		at com.mojang.text2speech.NarratorLinux.<init>(NarratorLinux.java:18) ~[text2speech-1.17.9.jar:?]
		at com.mojang.text2speech.Narrator.getNarrator(Narrator.java:41) ~[text2speech-1.17.9.jar:?]
		at enf.<init>(SourceFile:19) ~[1.20.jar:?]
		at enn.<init>(SourceFile:640) ~[1.20.jar:?]
		at net.minecraft.client.main.Main.main(SourceFile:211) ~[1.20.jar:?]
[16:45:33] [Render thread/INFO]: Reloading ResourceManager: vanilla
[16:45:33] [Worker-Main-12/INFO]: Found unifont_all_no_pua-15.0.06.hex, loading
[16:45:34] [Realms Notification Availability checker #1/INFO]: Could not authorize you against Realms server: javax.ws.rs.BadRequestException: Invalid session
[16:45:34] [Render thread/WARN]: Missing sound for event: minecraft:item.goat_horn.play
[16:45:34] [Render thread/WARN]: Missing sound for event: minecraft:entity.goat.screaming.horn_break
[16:45:34] [Render thread/INFO]: OpenAL initialized on device ALSA Default
[16:45:34] [Render thread/INFO]: Sound engine started
[16:45:35] [Render thread/INFO]: Created: 1024x512x4 minecraft:textures/atlas/blocks.png-atlas
[16:45:35] [Render thread/INFO]: Created: 256x256x4 minecraft:textures/atlas/signs.png-atlas
[16:45:35] [Render thread/INFO]: Created: 512x512x4 minecraft:textures/atlas/banner_patterns.png-atlas
[16:45:35] [Render thread/INFO]: Created: 512x512x4 minecraft:textures/atlas/shield_patterns.png-atlas
[16:45:35] [Render thread/INFO]: Created: 1024x1024x4 minecraft:textures/atlas/armor_trims.png-atlas
[16:45:35] [Render thread/INFO]: Created: 256x256x4 minecraft:textures/atlas/chest.png-atlas
[16:45:35] [Render thread/INFO]: Created: 128x64x4 minecraft:textures/atlas/decorated_pot.png-atlas
[16:45:35] [Render thread/INFO]: Created: 512x256x4 minecraft:textures/atlas/beds.png-atlas
[16:45:35] [Render thread/INFO]: Created: 512x256x4 minecraft:textures/atlas/shulker_boxes.png-atlas
[16:45:35] [Render thread/WARN]: Shader rendertype_entity_translucent_emissive could not find sampler named Sampler2 in the specified shader program.
[16:45:35] [Render thread/INFO]: Created: 256x256x0 minecraft:textures/atlas/particles.png-atlas
[16:45:35] [Render thread/INFO]: Created: 256x256x0 minecraft:textures/atlas/paintings.png-atlas
[16:45:35] [Render thread/INFO]: Created: 128x128x0 minecraft:textures/atlas/mob_effects.png-atlas
[[16:47:07] [Render thread/INFO]: Stopping!
